
> jules-pwa@0.0.0 build
> tsc -b && vite build

vite v7.3.1 building client environment for production...
transforming...
"doc", "getDoc", "setDoc" and "onSnapshot" are imported from external module "https://www.gstatic.com/firebasejs/10.11.0/firebase-firestore.js" but never used in "src/firebase.ts".
✓ 1101 modules transformed.
rendering chunks...
computing gzip size...
dist/registerSW.js                                          0.13 kB
dist/manifest.webmanifest                                   0.46 kB
dist/index.html                                             0.80 kB │ gzip:   0.42 kB
dist/assets/inter-vietnamese-400-normal-DMkecbls.woff2      4.97 kB
dist/assets/inter-vietnamese-600-normal-Cc8MFFhd.woff2      5.10 kB
dist/assets/inter-vietnamese-500-normal-DOriooB6.woff2      5.11 kB
dist/assets/inter-greek-ext-400-normal-DGGRlc-M.woff2       5.26 kB
dist/assets/inter-greek-ext-500-normal-C4iEst2y.woff2       5.43 kB
dist/assets/inter-greek-ext-600-normal-DRtmH8MT.woff2       5.43 kB
dist/assets/inter-vietnamese-400-normal-Bbgyi5SW.woff       6.50 kB
dist/assets/inter-vietnamese-500-normal-mJboJaSs.woff       6.60 kB
dist/assets/inter-vietnamese-600-normal-BuLX-rYi.woff       6.64 kB
dist/assets/inter-greek-ext-400-normal-KugGGMne.woff        7.06 kB
dist/assets/inter-greek-ext-500-normal-2j5mBUwD.woff        7.19 kB
dist/assets/inter-greek-ext-600-normal-B8X0CLgF.woff        7.21 kB
dist/assets/inter-cyrillic-400-normal-obahsSVq.woff2        7.71 kB
dist/assets/inter-greek-400-normal-B4URO6DV.woff2           7.78 kB
dist/assets/inter-cyrillic-500-normal-BasfLYem.woff2        7.90 kB
dist/assets/inter-greek-500-normal-BIZE56-Y.woff2           7.92 kB
dist/assets/inter-greek-600-normal-plRanbMR.woff2           7.94 kB
dist/assets/inter-cyrillic-600-normal-CWCymEST.woff2        7.97 kB
dist/assets/inter-cyrillic-400-normal-HOLc17fK.woff         9.78 kB
dist/assets/inter-greek-400-normal-q2sYcFCs.woff            9.92 kB
dist/assets/inter-cyrillic-600-normal-4D_pXhcN.woff         9.94 kB
dist/assets/inter-cyrillic-500-normal-CxZf_p3X.woff         9.94 kB
dist/assets/inter-greek-500-normal-Xzm54t5V.woff            9.98 kB
dist/assets/inter-greek-600-normal-BZpKdvQh.woff           10.03 kB
dist/assets/inter-cyrillic-ext-400-normal-BQZuk6qB.woff2   10.23 kB
dist/assets/inter-cyrillic-ext-500-normal-B0yAr1jD.woff2   10.43 kB
dist/assets/inter-cyrillic-ext-600-normal-Dfes3d0z.woff2   10.48 kB
dist/assets/inter-cyrillic-ext-400-normal-DQukG94-.woff    13.34 kB
dist/assets/inter-cyrillic-ext-500-normal-BmqWE9Dz.woff    13.45 kB
dist/assets/inter-cyrillic-ext-600-normal-Bcila6Z-.woff    13.46 kB
dist/assets/inter-latin-400-normal-C38fXH4l.woff2          23.66 kB
dist/assets/inter-latin-500-normal-Cerq10X2.woff2          24.27 kB
dist/assets/inter-latin-600-normal-LgqL8muc.woff2          24.45 kB
dist/assets/inter-latin-400-normal-CyCys3Eg.woff           30.70 kB
dist/assets/inter-latin-600-normal-CiBQ2DWP.woff           31.26 kB
dist/assets/inter-latin-500-normal-BL9OpVg8.woff           31.28 kB
dist/assets/inter-latin-ext-400-normal-C1nco2VV.woff2      35.00 kB
dist/assets/inter-latin-ext-500-normal-CV4jyFjo.woff2      36.02 kB
dist/assets/inter-latin-ext-600-normal-D2bJ5OIk.woff2      36.26 kB
dist/assets/inter-latin-ext-400-normal-77YHD8bZ.woff       47.56 kB
dist/assets/inter-latin-ext-500-normal-BxGbmqWO.woff       48.49 kB
dist/assets/inter-latin-ext-600-normal-CIVaiw4L.woff       48.67 kB
dist/assets/index-CdOxBiAD.css                              8.19 kB │ gzip:   1.64 kB
dist/assets/index-BGxoWE6E.js                             676.47 kB │ gzip: 211.73 kB

(!) Some chunks are larger than 500 kB after minification. Consider:
- Using dynamic import() to code-split the application
- Use build.rollupOptions.output.manualChunks to improve chunking: https://rollupjs.org/configuration-options/#output-manualchunks
- Adjust chunk size limit for this warning via build.chunkSizeWarningLimit.
✓ built in 5.04s
error during build:
Error: Unable to write the service worker file. 'Unexpected early exit. This happens when Promises returned by plugins cannot resolve. Unfinished hook action(s) on exit:
(terser) renderChunk
(terser) renderChunk'
    at writeSWUsingDefaultTemplate (/home/mawi/Dev/Jules PWA/node_modules/workbox-build/build/lib/write-sw-using-default-template.js:68:15)
    at async generateSW (/home/mawi/Dev/Jules PWA/node_modules/workbox-build/build/generate-sw.js:95:23)
    at async generateServiceWorker (file:///home/mawi/Dev/Jules%20PWA/node_modules/vite-plugin-pwa/dist/index.js:208:23)
    at async _generateSW (file:///home/mawi/Dev/Jules%20PWA/node_modules/vite-plugin-pwa/dist/index.js:234:5)
    at async Object.handler (file:///home/mawi/Dev/Jules%20PWA/node_modules/vite-plugin-pwa/dist/index.js:427:13)
    at async PluginDriver.hookParallel (file:///home/mawi/Dev/Jules%20PWA/node_modules/vite/node_modules/rollup/dist/es/shared/node-entry.js:22475:17)
    at async Object.close (file:///home/mawi/Dev/Jules%20PWA/node_modules/vite/node_modules/rollup/dist/es/shared/node-entry.js:23494:13)
    at async buildEnvironment (file:///home/mawi/Dev/Jules%20PWA/node_modules/vite/dist/node/chunks/config.js:33555:15)
    at async Object.build (file:///home/mawi/Dev/Jules%20PWA/node_modules/vite/dist/node/chunks/config.js:33900:19)
    at async Object.buildApp (file:///home/mawi/Dev/Jules%20PWA/node_modules/vite/dist/node/chunks/config.js:33897:153)
    at async CAC.<anonymous> (file:///home/mawi/Dev/Jules%20PWA/node_modules/vite/dist/node/cli.js:629:3)
